Vivado Simulator v2024.2.0
Copyright 1986-2022 Xilinx, Inc. All Rights Reserved.
Copyright 2022-2024 Advanced Micro Devices, Inc. All Rights Reserved.
Running: C:/Xilinx/Vivado/2024.2/bin/unwrapped/win64.o/xelab.exe --incr --debug typical --relax --mt 2 -L xil_defaultlib -L unisims_ver -L unimacro_ver -L secureip -L xpm --snapshot Top_behav xil_defaultlib.Top xil_defaultlib.glbl -log elaborate.log 
Using 2 slave threads.
Starting static elaboration
Pass Through NonSizing Optimizer
Completed static elaboration
Starting simulation data flow analysis
Completed simulation data flow analysis
Time Resolution for simulation is 1ps
Compiling module xil_defaultlib.clk_div
Compiling module xil_defaultlib.clk_div(n=26)
Compiling module xil_defaultlib.clk_vga
Compiling module xil_defaultlib.clk_floor
Compiling module xil_defaultlib.debounce
Compiling module xil_defaultlib.onepulse
Compiling module xil_defaultlib.record
Compiling module xil_defaultlib.cover
Compiling module xil_defaultlib.pixel_gen
Compiling module xil_defaultlib.floor_gen
Compiling module xil_defaultlib.slime_move
Compiling module unisims_ver.IOBUF
Compiling module xil_defaultlib.Ps2Interface_default
Compiling module xil_defaultlib.KeyboardCtrl
Compiling module xil_defaultlib.KeyboardCtrl_0
Compiling module xil_defaultlib.KeyboardDecoder
Compiling module xil_defaultlib.vga_controller
Compiling module xil_defaultlib.Decoder
Compiling module xil_defaultlib.PWM_gen
Compiling module xil_defaultlib.Audio
Compiling module xil_defaultlib.Top
Compiling module xil_defaultlib.glbl
Built simulation snapshot Top_behav
