
*** Running vivado
    with args -log Top.vds -m64 -product Vivado -mode batch -messageDb vivado.pb -notrace -source Top.tcl



****** Vivado v2024.2 (64-bit)
  **** SW Build 5239630 on Fri Nov 08 22:35:27 MST 2024
  **** IP Build 5239520 on Sun Nov 10 16:12:51 MST 2024
  **** SharedData Build 5239561 on Fri Nov 08 14:39:27 MST 2024
  **** Start of session at: Mon Apr 28 22:35:27 2025
    ** Copyright 1986-2022 Xilinx, Inc. All Rights Reserved.
    ** Copyright 2022-2024 Advanced Micro Devices, Inc. All Rights Reserved.

source Top.tcl -notrace
INFO: [IP_Flow 19-234] Refreshing IP repositories
INFO: [IP_Flow 19-1700] Loaded user IP repository 'c:/Users/liuut/Desktop/Green_Cube/ip'.
INFO: [IP_Flow 19-2313] Loaded Vivado IP repository 'C:/Xilinx/Vivado/2024.2/data/ip'.
Command: synth_design -top Top -part xc7a35tcpg236-1
Starting synth_design
Attempting to get a license for feature 'Synthesis' and/or device 'xc7a35t'
INFO: [Common 17-349] Got license for feature 'Synthesis' and/or device 'xc7a35t'
INFO: [Device 21-403] Loading part xc7a35tcpg236-1
INFO: [Synth 8-7079] Multithreading enabled for synth_design using a maximum of 2 processes.
INFO: [Synth 8-7078] Launching helper process for spawning children vivado processes
INFO: [Synth 8-7075] Helper process launched with PID 7956
---------------------------------------------------------------------------------
Starting RTL Elaboration : Time (s): cpu = 00:00:04 ; elapsed = 00:00:04 . Memory (MB): peak = 1112.945 ; gain = 466.469
---------------------------------------------------------------------------------
INFO: [Synth 8-11241] undeclared symbol 'pulse_been_ready', assumed default net type 'wire' [C:/Users/liuut/Desktop/Green_Cube/KeyboardDecoder.v:47]
INFO: [Synth 8-11241] undeclared symbol 'clk_18', assumed default net type 'wire' [C:/Users/liuut/Desktop/Green_Cube/top.v:72]
INFO: [Synth 8-6157] synthesizing module 'Top' [C:/Users/liuut/Desktop/Green_Cube/top.v:1]
INFO: [Synth 8-6157] synthesizing module 'clk_div' [C:/Users/liuut/Desktop/Green_Cube/clk_div.v:1]
	Parameter n bound to: 2 - type: integer 
INFO: [Synth 8-6155] done synthesizing module 'clk_div' (0#1) [C:/Users/liuut/Desktop/Green_Cube/clk_div.v:1]
INFO: [Synth 8-6157] synthesizing module 'clk_div__parameterized0' [C:/Users/liuut/Desktop/Green_Cube/clk_div.v:1]
	Parameter n bound to: 26 - type: integer 
INFO: [Synth 8-6155] done synthesizing module 'clk_div__parameterized0' (0#1) [C:/Users/liuut/Desktop/Green_Cube/clk_div.v:1]
INFO: [Synth 8-6157] synthesizing module 'clk_vga' [C:/Users/liuut/Desktop/Green_Cube/clk_vga.v:1]
INFO: [Synth 8-6155] done synthesizing module 'clk_vga' (0#1) [C:/Users/liuut/Desktop/Green_Cube/clk_vga.v:1]
INFO: [Synth 8-6157] synthesizing module 'clk_floor' [C:/Users/liuut/Desktop/Green_Cube/clk_floor.v:1]
INFO: [Synth 8-6155] done synthesizing module 'clk_floor' (0#1) [C:/Users/liuut/Desktop/Green_Cube/clk_floor.v:1]
INFO: [Synth 8-6157] synthesizing module 'debounce' [C:/Users/liuut/Desktop/Green_Cube/debounce.v:1]
INFO: [Synth 8-6155] done synthesizing module 'debounce' (0#1) [C:/Users/liuut/Desktop/Green_Cube/debounce.v:1]
INFO: [Synth 8-6157] synthesizing module 'onepulse' [C:/Users/liuut/Desktop/Green_Cube/onepulse.v:1]
INFO: [Synth 8-6155] done synthesizing module 'onepulse' (0#1) [C:/Users/liuut/Desktop/Green_Cube/onepulse.v:1]
INFO: [Synth 8-6157] synthesizing module 'record' [C:/Users/liuut/Desktop/Green_Cube/record.v:1]
INFO: [Synth 8-6155] done synthesizing module 'record' (0#1) [C:/Users/liuut/Desktop/Green_Cube/record.v:1]
INFO: [Synth 8-6157] synthesizing module 'cover' [C:/Users/liuut/Desktop/Green_Cube/cover.v:1]
INFO: [Synth 8-6155] done synthesizing module 'cover' (0#1) [C:/Users/liuut/Desktop/Green_Cube/cover.v:1]
INFO: [Synth 8-6157] synthesizing module 'pixel_gen' [C:/Users/liuut/Desktop/Green_Cube/pixel_gen.v:1]
INFO: [Synth 8-6155] done synthesizing module 'pixel_gen' (0#1) [C:/Users/liuut/Desktop/Green_Cube/pixel_gen.v:1]
INFO: [Synth 8-6157] synthesizing module 'floor_gen' [C:/Users/liuut/Desktop/Green_Cube/floor.v:1]
INFO: [Synth 8-6155] done synthesizing module 'floor_gen' (0#1) [C:/Users/liuut/Desktop/Green_Cube/floor.v:1]
INFO: [Synth 8-6157] synthesizing module 'slime_move' [C:/Users/liuut/Desktop/Green_Cube/slime_move.v:1]
INFO: [Synth 8-6155] done synthesizing module 'slime_move' (0#1) [C:/Users/liuut/Desktop/Green_Cube/slime_move.v:1]
INFO: [Synth 8-6157] synthesizing module 'KeyboardDecoder' [C:/Users/liuut/Desktop/Green_Cube/KeyboardDecoder.v:1]
INFO: [Synth 8-6157] synthesizing module 'KeyboardCtrl_0' [C:/Users/liuut/Desktop/Green_Cube/Green_Cube/Green_Cube.runs/synth_1/.Xil/Vivado-1208-Prestige14/realtime/KeyboardCtrl_0_stub.v:5]
INFO: [Synth 8-6155] done synthesizing module 'KeyboardCtrl_0' (0#1) [C:/Users/liuut/Desktop/Green_Cube/Green_Cube/Green_Cube.runs/synth_1/.Xil/Vivado-1208-Prestige14/realtime/KeyboardCtrl_0_stub.v:5]
INFO: [Synth 8-226] default block is never used [C:/Users/liuut/Desktop/Green_Cube/KeyboardDecoder.v:69]
INFO: [Synth 8-226] default block is never used [C:/Users/liuut/Desktop/Green_Cube/KeyboardDecoder.v:79]
INFO: [Synth 8-226] default block is never used [C:/Users/liuut/Desktop/Green_Cube/KeyboardDecoder.v:89]
INFO: [Synth 8-226] default block is never used [C:/Users/liuut/Desktop/Green_Cube/KeyboardDecoder.v:99]
INFO: [Synth 8-226] default block is never used [C:/Users/liuut/Desktop/Green_Cube/KeyboardDecoder.v:109]
INFO: [Synth 8-6155] done synthesizing module 'KeyboardDecoder' (0#1) [C:/Users/liuut/Desktop/Green_Cube/KeyboardDecoder.v:1]
INFO: [Synth 8-6157] synthesizing module 'vga_controller' [C:/Users/liuut/Desktop/Green_Cube/vga_controller.v:1]
INFO: [Synth 8-6155] done synthesizing module 'vga_controller' (0#1) [C:/Users/liuut/Desktop/Green_Cube/vga_controller.v:1]
INFO: [Synth 8-6157] synthesizing module 'Audio' [C:/Users/liuut/Desktop/Green_Cube/audio.v:1]
INFO: [Synth 8-6157] synthesizing module 'Decoder' [C:/Users/liuut/Desktop/Green_Cube/audio.v:37]
INFO: [Synth 8-6155] done synthesizing module 'Decoder' (0#1) [C:/Users/liuut/Desktop/Green_Cube/audio.v:37]
INFO: [Synth 8-6157] synthesizing module 'PWM_gen' [C:/Users/liuut/Desktop/Green_Cube/audio.v:83]
INFO: [Synth 8-6155] done synthesizing module 'PWM_gen' (0#1) [C:/Users/liuut/Desktop/Green_Cube/audio.v:83]
INFO: [Synth 8-6155] done synthesizing module 'Audio' (0#1) [C:/Users/liuut/Desktop/Green_Cube/audio.v:1]
INFO: [Synth 8-6155] done synthesizing module 'Top' (0#1) [C:/Users/liuut/Desktop/Green_Cube/top.v:1]
WARNING: [Synth 8-3917] design Top has port led driven by constant 1
---------------------------------------------------------------------------------
Finished RTL Elaboration : Time (s): cpu = 00:00:05 ; elapsed = 00:00:06 . Memory (MB): peak = 1246.383 ; gain = 599.906
---------------------------------------------------------------------------------
---------------------------------------------------------------------------------
Start Handling Custom Attributes
---------------------------------------------------------------------------------
---------------------------------------------------------------------------------
Finished Handling Custom Attributes : Time (s): cpu = 00:00:05 ; elapsed = 00:00:06 . Memory (MB): peak = 1246.383 ; gain = 599.906
---------------------------------------------------------------------------------
---------------------------------------------------------------------------------
Finished RTL Optimization Phase 1 : Time (s): cpu = 00:00:05 ; elapsed = 00:00:06 . Memory (MB): peak = 1246.383 ; gain = 599.906
---------------------------------------------------------------------------------
Netlist sorting complete. Time (s): cpu = 00:00:00 ; elapsed = 00:00:00.030 . Memory (MB): peak = 1246.383 ; gain = 0.000
INFO: [Project 1-570] Preparing netlist for logic optimization

Processing XDC Constraints
Initializing timing engine
Parsing XDC File [c:/Users/liuut/Desktop/Green_Cube/Green_Cube/Green_Cube.gen/sources_1/ip/KeyboardCtrl_0/KeyboardCtrl_0/KeyboardCtrl_0_in_context.xdc] for cell 'key_de/inst'
Finished Parsing XDC File [c:/Users/liuut/Desktop/Green_Cube/Green_Cube/Green_Cube.gen/sources_1/ip/KeyboardCtrl_0/KeyboardCtrl_0/KeyboardCtrl_0_in_context.xdc] for cell 'key_de/inst'
Parsing XDC File [C:/Users/liuut/Desktop/Green_Cube/cons.xdc]
Finished Parsing XDC File [C:/Users/liuut/Desktop/Green_Cube/cons.xdc]
INFO: [Project 1-236] Implementation specific constraints were found while reading constraint file [C:/Users/liuut/Desktop/Green_Cube/cons.xdc]. These constraints will be ignored for synthesis but will be used in implementation. Impacted constraints are listed in the file [.Xil/Top_propImpl.xdc].
Resolution: To avoid this warning, move constraints listed in [.Xil/Top_propImpl.xdc] to another XDC file and exclude this new file from synthesis with the used_in_synthesis property (File Properties dialog in GUI) and re-run elaboration/synthesis.
Completed Processing XDC Constraints

Netlist sorting complete. Time (s): cpu = 00:00:00 ; elapsed = 00:00:00 . Memory (MB): peak = 1324.551 ; gain = 0.000
INFO: [Project 1-111] Unisim Transformation Summary:
No Unisim elements were transformed.

Constraint Validation Runtime : Time (s): cpu = 00:00:00 ; elapsed = 00:00:00.008 . Memory (MB): peak = 1324.551 ; gain = 0.000
---------------------------------------------------------------------------------
Finished Constraint Validation : Time (s): cpu = 00:00:11 ; elapsed = 00:00:13 . Memory (MB): peak = 1324.551 ; gain = 678.074
---------------------------------------------------------------------------------
---------------------------------------------------------------------------------
Start Loading Part and Timing Information
---------------------------------------------------------------------------------
Loading part: xc7a35tcpg236-1
---------------------------------------------------------------------------------
Finished Loading Part and Timing Information : Time (s): cpu = 00:00:11 ; elapsed = 00:00:13 . Memory (MB): peak = 1324.551 ; gain = 678.074
---------------------------------------------------------------------------------
---------------------------------------------------------------------------------
Start Applying 'set_property' XDC Constraints
---------------------------------------------------------------------------------
Applied set_property IO_BUFFER_TYPE = NONE for PS2_CLK. (constraint file  c:/Users/liuut/Desktop/Green_Cube/Green_Cube/Green_Cube.gen/sources_1/ip/KeyboardCtrl_0/KeyboardCtrl_0/KeyboardCtrl_0_in_context.xdc, line 1).
Applied set_property CLOCK_BUFFER_TYPE = NONE for PS2_CLK. (constraint file  c:/Users/liuut/Desktop/Green_Cube/Green_Cube/Green_Cube.gen/sources_1/ip/KeyboardCtrl_0/KeyboardCtrl_0/KeyboardCtrl_0_in_context.xdc, line 2).
Applied set_property IO_BUFFER_TYPE = NONE for PS2_DATA. (constraint file  c:/Users/liuut/Desktop/Green_Cube/Green_Cube/Green_Cube.gen/sources_1/ip/KeyboardCtrl_0/KeyboardCtrl_0/KeyboardCtrl_0_in_context.xdc, line 3).
Applied set_property CLOCK_BUFFER_TYPE = NONE for PS2_DATA. (constraint file  c:/Users/liuut/Desktop/Green_Cube/Green_Cube/Green_Cube.gen/sources_1/ip/KeyboardCtrl_0/KeyboardCtrl_0/KeyboardCtrl_0_in_context.xdc, line 4).
Applied set_property KEEP_HIERARCHY = SOFT for key_de/inst. (constraint file  auto generated constraint).
---------------------------------------------------------------------------------
Finished applying 'set_property' XDC Constraints : Time (s): cpu = 00:00:11 ; elapsed = 00:00:13 . Memory (MB): peak = 1324.551 ; gain = 678.074
---------------------------------------------------------------------------------
INFO: [Synth 8-802] inferred FSM for state register 'state_reg' in module 'KeyboardDecoder'
---------------------------------------------------------------------------------------------------
                   State |                     New Encoding |                Previous Encoding 
---------------------------------------------------------------------------------------------------
                    INIT |                               00 |                               00
         WAIT_FOR_SIGNAL |                               01 |                               01
         GET_SIGNAL_DOWN |                               10 |                               10
            WAIT_RELEASE |                               11 |                               11
---------------------------------------------------------------------------------------------------
INFO: [Synth 8-3354] encoded FSM with state register 'state_reg' using encoding 'sequential' in module 'KeyboardDecoder'
---------------------------------------------------------------------------------
Finished RTL Optimization Phase 2 : Time (s): cpu = 00:00:13 ; elapsed = 00:00:14 . Memory (MB): peak = 1324.551 ; gain = 678.074
---------------------------------------------------------------------------------
---------------------------------------------------------------------------------
Start RTL Component Statistics 
---------------------------------------------------------------------------------
Detailed RTL Component Info : 
+---Adders : 
	   2 Input   32 Bit       Adders := 8     
	   3 Input   11 Bit       Adders := 18    
	   2 Input   11 Bit       Adders := 1     
	   2 Input   10 Bit       Adders := 34    
	   2 Input    9 Bit       Adders := 2     
	   2 Input    5 Bit       Adders := 4     
	   3 Input    5 Bit       Adders := 2     
	   2 Input    4 Bit       Adders := 20    
	   3 Input    4 Bit       Adders := 2     
	   2 Input    3 Bit       Adders := 1     
	   2 Input    2 Bit       Adders := 1     
+---Registers : 
	              512 Bit    Registers := 1     
	               10 Bit    Registers := 37    
	                9 Bit    Registers := 1     
	                8 Bit    Registers := 1     
	                5 Bit    Registers := 1     
	                4 Bit    Registers := 7     
	                3 Bit    Registers := 1     
	                2 Bit    Registers := 3     
	                1 Bit    Registers := 17    
+---Muxes : 
	   2 Input  512 Bit        Muxes := 1     
	  15 Input   12 Bit        Muxes := 23    
	   3 Input   12 Bit        Muxes := 1     
	   2 Input   12 Bit        Muxes := 1     
	   2 Input   10 Bit        Muxes := 16    
	   3 Input   10 Bit        Muxes := 1     
	   4 Input   10 Bit        Muxes := 1     
	  20 Input    9 Bit        Muxes := 12    
	   2 Input    4 Bit        Muxes := 30    
	  20 Input    3 Bit        Muxes := 6     
	   3 Input    3 Bit        Muxes := 2     
	   3 Input    2 Bit        Muxes := 1     
	   4 Input    2 Bit        Muxes := 2     
	   2 Input    2 Bit        Muxes := 4     
	   2 Input    1 Bit        Muxes := 66    
	   3 Input    1 Bit        Muxes := 2     
	   4 Input    1 Bit        Muxes := 10    
---------------------------------------------------------------------------------
Finished RTL Component Statistics 
---------------------------------------------------------------------------------
---------------------------------------------------------------------------------
Start Part Resource Summary
---------------------------------------------------------------------------------
Part Resources:
DSPs: 90 (col length:60)
BRAMs: 100 (col length: RAMB18 60 RAMB36 30)
---------------------------------------------------------------------------------
Finished Part Resource Summary
---------------------------------------------------------------------------------
---------------------------------------------------------------------------------
Start Cross Boundary and Area Optimization
---------------------------------------------------------------------------------
WARNING: [Synth 8-7080] Parallel synthesis criteria is not met
DSP Report: Generating DSP count_duty0, operation Mode is: A*B.
DSP Report: operator count_duty0 is absorbed into DSP count_duty0.
DSP Report: operator count_duty0 is absorbed into DSP count_duty0.
WARNING: [Synth 8-3917] design Top has port led driven by constant 1
---------------------------------------------------------------------------------
Finished Cross Boundary and Area Optimization : Time (s): cpu = 00:00:28 ; elapsed = 00:00:31 . Memory (MB): peak = 1390.766 ; gain = 744.289
---------------------------------------------------------------------------------
 Sort Area is  count_duty0_0 : 0 0 : 2004 2004 : Used 1 time 0
---------------------------------------------------------------------------------
Start ROM, RAM, DSP, Shift Register and Retiming Reporting
---------------------------------------------------------------------------------

ROM: Preliminary Mapping Report
+------------+------------+---------------+----------------+
|Module Name | RTL Object | Depth x Width | Implemented As | 
+------------+------------+---------------+----------------+
|cover       | num_2      | 32x4          | LUT            | 
|cover       | num_5      | 32x4          | LUT            | 
|cover       | num_6      | 32x4          | LUT            | 
|cover       | num_9      | 32x4          | LUT            | 
|cover       | num_2      | 32x4          | LUT            | 
|cover       | num_5      | 32x4          | LUT            | 
|cover       | num_6      | 32x4          | LUT            | 
|cover       | num_9      | 32x4          | LUT            | 
|pixel_gen   | num_2      | 32x4          | LUT            | 
|pixel_gen   | num_5      | 32x4          | LUT            | 
|pixel_gen   | num_6      | 32x4          | LUT            | 
|pixel_gen   | num_9      | 32x4          | LUT            | 
|pixel_gen   | slime_face | 32x9          | LUT            | 
|cover       | num_2      | 32x4          | LUT            | 
|cover       | num_5      | 32x4          | LUT            | 
|cover       | num_6      | 32x4          | LUT            | 
|cover       | num_9      | 32x4          | LUT            | 
|cover       | num_2      | 32x4          | LUT            | 
|cover       | num_5      | 32x4          | LUT            | 
|cover       | num_6      | 32x4          | LUT            | 
|cover       | num_9      | 32x4          | LUT            | 
|pixel_gen   | num_2      | 32x4          | LUT            | 
|pixel_gen   | num_5      | 32x4          | LUT            | 
|pixel_gen   | num_6      | 32x4          | LUT            | 
|pixel_gen   | num_9      | 32x4          | LUT            | 
|pixel_gen   | slime_face | 32x9          | LUT            | 
+------------+------------+---------------+----------------+


DSP: Preliminary Mapping Report (see note below. The ' indicates corresponding REG is set)
+------------+-------------+--------+--------+--------+--------+--------+------+------+------+------+-------+------+------+
|Module Name | DSP Mapping | A Size | B Size | C Size | D Size | P Size | AREG | BREG | CREG | DREG | ADREG | MREG | PREG | 
+------------+-------------+--------+--------+--------+--------+--------+------+------+------+------+-------+------+------+
|PWM_gen     | A*B         | 25     | 11     | -      | -      | 48     | 0    | 0    | -    | -    | -     | 0    | 0    | 
+------------+-------------+--------+--------+--------+--------+--------+------+------+------+------+-------+------+------+

Note: The table above is a preliminary report that shows the DSPs inferred at the current stage of the synthesis flow. Some DSP may be reimplemented as non DSP primitives later in the synthesis flow. Multiple instantiated DSPs are reported only once.
---------------------------------------------------------------------------------
Finished ROM, RAM, DSP, Shift Register and Retiming Reporting
---------------------------------------------------------------------------------
---------------------------------------------------------------------------------
Start Applying XDC Timing Constraints
---------------------------------------------------------------------------------
---------------------------------------------------------------------------------
Finished Applying XDC Timing Constraints : Time (s): cpu = 00:00:35 ; elapsed = 00:00:38 . Memory (MB): peak = 1486.855 ; gain = 840.379
---------------------------------------------------------------------------------
---------------------------------------------------------------------------------
Start Timing Optimization
---------------------------------------------------------------------------------
---------------------------------------------------------------------------------
Finished Timing Optimization : Time (s): cpu = 00:00:35 ; elapsed = 00:00:38 . Memory (MB): peak = 1491.180 ; gain = 844.703
---------------------------------------------------------------------------------
---------------------------------------------------------------------------------
Start Technology Mapping
---------------------------------------------------------------------------------
---------------------------------------------------------------------------------
Finished Technology Mapping : Time (s): cpu = 00:00:36 ; elapsed = 00:00:39 . Memory (MB): peak = 1616.281 ; gain = 969.805
---------------------------------------------------------------------------------
---------------------------------------------------------------------------------
Start IO Insertion
---------------------------------------------------------------------------------
---------------------------------------------------------------------------------
Start Flattening Before IO Insertion
---------------------------------------------------------------------------------
---------------------------------------------------------------------------------
Finished Flattening Before IO Insertion
---------------------------------------------------------------------------------
---------------------------------------------------------------------------------
Start Final Netlist Cleanup
---------------------------------------------------------------------------------
---------------------------------------------------------------------------------
Finished Final Netlist Cleanup
---------------------------------------------------------------------------------
---------------------------------------------------------------------------------
Finished IO Insertion : Time (s): cpu = 00:00:39 ; elapsed = 00:00:42 . Memory (MB): peak = 1708.617 ; gain = 1062.141
---------------------------------------------------------------------------------
---------------------------------------------------------------------------------
Start Renaming Generated Instances
---------------------------------------------------------------------------------
---------------------------------------------------------------------------------
Finished Renaming Generated Instances : Time (s): cpu = 00:00:39 ; elapsed = 00:00:42 . Memory (MB): peak = 1708.617 ; gain = 1062.141
---------------------------------------------------------------------------------
---------------------------------------------------------------------------------
Start Rebuilding User Hierarchy
---------------------------------------------------------------------------------
---------------------------------------------------------------------------------
Finished Rebuilding User Hierarchy : Time (s): cpu = 00:00:39 ; elapsed = 00:00:42 . Memory (MB): peak = 1708.617 ; gain = 1062.141
---------------------------------------------------------------------------------
---------------------------------------------------------------------------------
Start Renaming Generated Ports
---------------------------------------------------------------------------------
---------------------------------------------------------------------------------
Finished Renaming Generated Ports : Time (s): cpu = 00:00:39 ; elapsed = 00:00:42 . Memory (MB): peak = 1708.617 ; gain = 1062.141
---------------------------------------------------------------------------------
---------------------------------------------------------------------------------
Start Handling Custom Attributes
---------------------------------------------------------------------------------
---------------------------------------------------------------------------------
Finished Handling Custom Attributes : Time (s): cpu = 00:00:39 ; elapsed = 00:00:42 . Memory (MB): peak = 1708.617 ; gain = 1062.141
---------------------------------------------------------------------------------
---------------------------------------------------------------------------------
Start Renaming Generated Nets
---------------------------------------------------------------------------------
---------------------------------------------------------------------------------
Finished Renaming Generated Nets : Time (s): cpu = 00:00:39 ; elapsed = 00:00:42 . Memory (MB): peak = 1708.617 ; gain = 1062.141
---------------------------------------------------------------------------------
---------------------------------------------------------------------------------
Start Writing Synthesis Report
---------------------------------------------------------------------------------

DSP Final Report (the ' indicates corresponding REG is set)
+------------+-------------+--------+--------+--------+--------+--------+------+------+------+------+-------+------+------+
|Module Name | DSP Mapping | A Size | B Size | C Size | D Size | P Size | AREG | BREG | CREG | DREG | ADREG | MREG | PREG | 
+------------+-------------+--------+--------+--------+--------+--------+------+------+------+------+-------+------+------+
|PWM_gen     | A*B         | 24     | 10     | -      | -      | 48     | 0    | 0    | -    | -    | -     | 0    | 0    | 
+------------+-------------+--------+--------+--------+--------+--------+------+------+------+------+-------+------+------+


Report BlackBoxes: 
+------+---------------+----------+
|      |BlackBox name  |Instances |
+------+---------------+----------+
|1     |KeyboardCtrl_0 |         1|
+------+---------------+----------+

Report Cell Usage: 
+------+-------------+------+
|      |Cell         |Count |
+------+-------------+------+
|1     |KeyboardCtrl |     1|
|2     |BUFG         |     1|
|3     |CARRY4       |   382|
|4     |DSP48E1      |     1|
|5     |LUT1         |    25|
|6     |LUT2         |   518|
|7     |LUT3         |   300|
|8     |LUT4         |  1119|
|9     |LUT5         |   410|
|10    |LUT6         |   844|
|11    |MUXF7        |    76|
|12    |MUXF8        |    33|
|13    |FDCE         |   568|
|14    |FDRE         |   317|
|15    |FDSE         |   135|
|16    |IBUF         |     2|
|17    |OBUF         |    18|
+------+-------------+------+
---------------------------------------------------------------------------------
Finished Writing Synthesis Report : Time (s): cpu = 00:00:39 ; elapsed = 00:00:42 . Memory (MB): peak = 1708.617 ; gain = 1062.141
---------------------------------------------------------------------------------
Synthesis finished with 0 errors, 0 critical warnings and 2 warnings.
Synthesis Optimization Runtime : Time (s): cpu = 00:00:33 ; elapsed = 00:00:40 . Memory (MB): peak = 1708.617 ; gain = 983.973
Synthesis Optimization Complete : Time (s): cpu = 00:00:40 ; elapsed = 00:00:42 . Memory (MB): peak = 1708.617 ; gain = 1062.141
INFO: [Project 1-571] Translating synthesized netlist
Netlist sorting complete. Time (s): cpu = 00:00:00 ; elapsed = 00:00:00.032 . Memory (MB): peak = 1717.773 ; gain = 0.000
INFO: [Netlist 29-17] Analyzing 492 Unisim elements for replacement
INFO: [Netlist 29-28] Unisim Transformation completed in 0 CPU seconds
INFO: [Project 1-570] Preparing netlist for logic optimization
INFO: [Opt 31-138] Pushed 0 inverter(s) to 0 load pin(s).
Netlist sorting complete. Time (s): cpu = 00:00:00 ; elapsed = 00:00:00.001 . Memory (MB): peak = 1721.484 ; gain = 0.000
INFO: [Project 1-111] Unisim Transformation Summary:
No Unisim elements were transformed.

Synth Design complete | Checksum: 99661a55
INFO: [Common 17-83] Releasing license: Synthesis
63 Infos, 3 Warnings, 0 Critical Warnings and 0 Errors encountered.
synth_design completed successfully
synth_design: Time (s): cpu = 00:00:43 ; elapsed = 00:01:00 . Memory (MB): peak = 1721.484 ; gain = 1263.578
Write ShapeDB Complete: Time (s): cpu = 00:00:00 ; elapsed = 00:00:00.007 . Memory (MB): peak = 1721.484 ; gain = 0.000
INFO: [Common 17-1381] The checkpoint 'C:/Users/liuut/Desktop/Green_Cube/Green_Cube/Green_Cube.runs/synth_1/Top.dcp' has been generated.
INFO: [Vivado 12-24828] Executing command : report_utilization -file Top_utilization_synth.rpt -pb Top_utilization_synth.pb
INFO: [Common 17-206] Exiting Vivado at Mon Apr 28 22:36:34 2025...
